Starting Phase 2 at Mon 11 May 2026 18:49:06 BST
2026-05-11 18:49:07,437  Resuming from checkpoint: 400/6095 already resolved, 5695 remaining
2026-05-11 18:49:07,437  Matching 5695 poet names against Wikidata …
2026-05-11 18:51:27,073    50/5695 new  (450 total)  matched 322 (71.6%)  cache hits 26/50
2026-05-11 18:55:45,317    100/5695 new  (500 total)  matched 356 (71.2%)  cache hits 27/100
2026-05-11 18:59:50,031    150/5695 new  (550 total)  matched 394 (71.6%)  cache hits 31/150
2026-05-11 19:04:13,255    200/5695 new  (600 total)  matched 430 (71.7%)  cache hits 31/200
2026-05-11 19:08:12,986    250/5695 new  (650 total)  matched 460 (70.8%)  cache hits 36/250
2026-05-11 19:12:26,613    300/5695 new  (700 total)  matched 495 (70.7%)  cache hits 38/300
2026-05-11 19:16:16,255    350/5695 new  (750 total)  matched 531 (70.8%)  cache hits 45/350
2026-05-11 19:19:56,753    400/5695 new  (800 total)  matched 570 (71.2%)  cache hits 54/400
2026-05-11 19:23:52,066    450/5695 new  (850 total)  matched 616 (72.5%)  cache hits 60/450
2026-05-11 19:28:01,891    500/5695 new  (900 total)  matched 657 (73.0%)  cache hits 63/500
2026-05-11 19:32:06,481    550/5695 new  (950 total)  matched 696 (73.3%)  cache hits 67/550
2026-05-11 19:36:20,565    600/5695 new  (1000 total)  matched 739 (73.9%)  cache hits 69/600
2026-05-11 19:40:15,551    650/5695 new  (1050 total)  matched 775 (73.8%)  cache hits 75/650
2026-05-11 19:44:29,149    700/5695 new  (1100 total)  matched 809 (73.5%)  cache hits 77/700
2026-05-11 19:48:47,155    750/5695 new  (1150 total)  matched 841 (73.1%)  cache hits 78/750
2026-05-11 19:53:05,597    800/5695 new  (1200 total)  matched 878 (73.2%)  cache hits 79/800
2026-05-11 19:57:28,763    850/5695 new  (1250 total)  matched 912 (73.0%)  cache hits 79/850
2026-05-11 20:01:42,646    900/5695 new  (1300 total)  matched 953 (73.3%)  cache hits 81/900
2026-05-11 20:05:51,945    950/5695 new  (1350 total)  matched 994 (73.6%)  cache hits 84/950
2026-05-11 20:10:05,940    1000/5695 new  (1400 total)  matched 1024 (73.1%)  cache hits 86/1000
2026-05-11 20:14:24,716    1050/5695 new  (1450 total)  matched 1055 (72.8%)  cache hits 87/1050
2026-05-11 20:18:48,375    1100/5695 new  (1500 total)  matched 1094 (72.9%)  cache hits 87/1100
2026-05-11 20:23:02,372    1150/5695 new  (1550 total)  matched 1125 (72.6%)  cache hits 89/1150
2026-05-11 20:27:21,111    1200/5695 new  (1600 total)  matched 1160 (72.5%)  cache hits 90/1200
2026-05-11 20:31:39,940    1250/5695 new  (1650 total)  matched 1195 (72.4%)  cache hits 91/1250
2026-05-11 20:35:58,616    1300/5695 new  (1700 total)  matched 1227 (72.2%)  cache hits 92/1300
2026-05-11 20:40:12,802    1350/5695 new  (1750 total)  matched 1264 (72.2%)  cache hits 94/1350
2026-05-11 20:44:17,042    1400/5695 new  (1800 total)  matched 1294 (71.9%)  cache hits 98/1400
2026-05-11 20:48:35,764    1450/5695 new  (1850 total)  matched 1336 (72.2%)  cache hits 99/1450
2026-05-11 20:52:45,034    1500/5695 new  (1900 total)  matched 1367 (71.9%)  cache hits 102/1500
2026-05-11 20:56:54,603    1550/5695 new  (1950 total)  matched 1406 (72.1%)  cache hits 105/1550
2026-05-11 21:01:17,984    1600/5695 new  (2000 total)  matched 1443 (72.2%)  cache hits 105/1600
2026-05-11 21:05:12,727    1650/5695 new  (2050 total)  matched 1475 (72.0%)  cache hits 111/1650
2026-05-11 21:09:31,981    1700/5695 new  (2100 total)  matched 1511 (72.0%)  cache hits 112/1700
2026-05-11 21:13:55,446    1750/5695 new  (2150 total)  matched 1540 (71.6%)  cache hits 112/1750
2026-05-11 21:18:13,323    1800/5695 new  (2200 total)  matched 1562 (71.0%)  cache hits 113/1800
2026-05-11 21:22:21,659    1850/5695 new  (2250 total)  matched 1592 (70.8%)  cache hits 116/1850
2026-05-11 21:26:34,884    1900/5695 new  (2300 total)  matched 1630 (70.9%)  cache hits 118/1900
2026-05-11 21:30:53,290    1950/5695 new  (2350 total)  matched 1665 (70.9%)  cache hits 119/1950
2026-05-11 21:35:06,820    2000/5695 new  (2400 total)  matched 1692 (70.5%)  cache hits 121/2000
2026-05-11 21:39:20,698    2050/5695 new  (2450 total)  matched 1722 (70.3%)  cache hits 123/2050
2026-05-11 21:43:34,392    2100/5695 new  (2500 total)  matched 1752 (70.1%)  cache hits 125/2100
2026-05-11 21:47:43,015    2150/5695 new  (2550 total)  matched 1781 (69.8%)  cache hits 128/2150
2026-05-11 21:52:01,491    2200/5695 new  (2600 total)  matched 1818 (69.9%)  cache hits 129/2200
2026-05-11 21:56:10,576    2250/5695 new  (2650 total)  matched 1847 (69.7%)  cache hits 132/2250
2026-05-11 22:00:18,805    2300/5695 new  (2700 total)  matched 1883 (69.7%)  cache hits 135/2300
2026-05-11 22:04:41,511    2350/5695 new  (2750 total)  matched 1918 (69.7%)  cache hits 135/2350
2026-05-11 22:09:04,067    2400/5695 new  (2800 total)  matched 1954 (69.8%)  cache hits 135/2400
2026-05-11 22:13:27,148    2450/5695 new  (2850 total)  matched 1986 (69.7%)  cache hits 135/2450
2026-05-11 22:17:45,309    2500/5695 new  (2900 total)  matched 2024 (69.8%)  cache hits 136/2500
2026-05-11 22:22:03,249    2550/5695 new  (2950 total)  matched 2053 (69.6%)  cache hits 137/2550
2026-05-11 22:26:12,399    2600/5695 new  (3000 total)  matched 2088 (69.6%)  cache hits 140/2600
2026-05-11 22:30:31,045    2650/5695 new  (3050 total)  matched 2123 (69.6%)  cache hits 141/2650
2026-05-11 22:34:54,130    2700/5695 new  (3100 total)  matched 2156 (69.5%)  cache hits 141/2700
2026-05-11 22:39:08,047    2750/5695 new  (3150 total)  matched 2187 (69.4%)  cache hits 143/2750
2026-05-11 22:43:17,251    2800/5695 new  (3200 total)  matched 2219 (69.3%)  cache hits 146/2800
2026-05-11 22:47:35,855    2850/5695 new  (3250 total)  matched 2245 (69.1%)  cache hits 147/2850
2026-05-11 22:51:49,701    2900/5695 new  (3300 total)  matched 2273 (68.9%)  cache hits 149/2900
2026-05-11 22:56:03,456    2950/5695 new  (3350 total)  matched 2300 (68.7%)  cache hits 151/2950
2026-05-11 23:00:22,385    3000/5695 new  (3400 total)  matched 2325 (68.4%)  cache hits 152/3000
2026-05-11 23:04:45,949    3050/5695 new  (3450 total)  matched 2356 (68.3%)  cache hits 152/3050
2026-05-11 23:09:04,192    3100/5695 new  (3500 total)  matched 2391 (68.3%)  cache hits 153/3100
2026-05-11 23:13:17,721    3150/5695 new  (3550 total)  matched 2424 (68.3%)  cache hits 155/3150
2026-05-11 23:17:31,255    3200/5695 new  (3600 total)  matched 2449 (68.0%)  cache hits 157/3200
2026-05-11 23:21:49,990    3250/5695 new  (3650 total)  matched 2475 (67.8%)  cache hits 158/3250
2026-05-11 23:26:08,379    3300/5695 new  (3700 total)  matched 2509 (67.8%)  cache hits 159/3300
2026-05-11 23:30:26,673    3350/5695 new  (3750 total)  matched 2541 (67.8%)  cache hits 160/3350
2026-05-11 23:34:40,204    3400/5695 new  (3800 total)  matched 2567 (67.6%)  cache hits 162/3400
2026-05-11 23:38:44,816    3450/5695 new  (3850 total)  matched 2604 (67.6%)  cache hits 166/3450
2026-05-11 23:43:03,069    3500/5695 new  (3900 total)  matched 2632 (67.5%)  cache hits 167/3500
2026-05-11 23:47:21,994    3550/5695 new  (3950 total)  matched 2656 (67.2%)  cache hits 168/3550
2026-05-11 23:51:45,091    3600/5695 new  (4000 total)  matched 2684 (67.1%)  cache hits 168/3600
2026-05-11 23:56:03,526    3650/5695 new  (4050 total)  matched 2720 (67.2%)  cache hits 169/3650
2026-05-12 00:00:21,325    3700/5695 new  (4100 total)  matched 2751 (67.1%)  cache hits 170/3700
2026-05-12 00:04:39,180    3750/5695 new  (4150 total)  matched 2780 (67.0%)  cache hits 171/3750
2026-05-12 00:09:01,987    3800/5695 new  (4200 total)  matched 2810 (66.9%)  cache hits 171/3800
2026-05-12 00:13:15,264    3850/5695 new  (4250 total)  matched 2842 (66.9%)  cache hits 173/3850
2026-05-12 00:17:33,597    3900/5695 new  (4300 total)  matched 2868 (66.7%)  cache hits 174/3900
2026-05-12 00:21:46,993    3950/5695 new  (4350 total)  matched 2900 (66.7%)  cache hits 176/3950
2026-05-12 00:26:05,754    4000/5695 new  (4400 total)  matched 2936 (66.7%)  cache hits 177/4000
2026-05-12 00:30:24,472    4050/5695 new  (4450 total)  matched 2966 (66.7%)  cache hits 178/4050
2026-05-12 00:34:38,047    4100/5695 new  (4500 total)  matched 2993 (66.5%)  cache hits 180/4100
2026-05-12 00:38:51,156    4150/5695 new  (4550 total)  matched 3021 (66.4%)  cache hits 182/4150
2026-05-12 00:43:13,786    4200/5695 new  (4600 total)  matched 3059 (66.5%)  cache hits 182/4200
2026-05-12 00:47:26,933    4250/5695 new  (4650 total)  matched 3091 (66.5%)  cache hits 184/4250
2026-05-12 00:51:44,762    4300/5695 new  (4700 total)  matched 3123 (66.4%)  cache hits 185/4300
2026-05-12 00:56:06,940    4350/5695 new  (4750 total)  matched 3144 (66.2%)  cache hits 185/4350
2026-05-12 01:00:29,233    4400/5695 new  (4800 total)  matched 3177 (66.2%)  cache hits 185/4400
2026-05-12 01:04:37,917    4450/5695 new  (4850 total)  matched 3207 (66.1%)  cache hits 188/4450
2026-05-12 01:08:46,689    4500/5695 new  (4900 total)  matched 3241 (66.1%)  cache hits 191/4500
2026-05-12 01:13:00,362    4550/5695 new  (4950 total)  matched 3269 (66.0%)  cache hits 193/4550
2026-05-12 01:17:23,355    4600/5695 new  (5000 total)  matched 3296 (65.9%)  cache hits 193/4600
2026-05-12 01:21:41,390    4650/5695 new  (5050 total)  matched 3322 (65.8%)  cache hits 194/4650
2026-05-12 01:25:59,429    4700/5695 new  (5100 total)  matched 3356 (65.8%)  cache hits 195/4700
2026-05-12 01:30:03,210    4750/5695 new  (5150 total)  matched 3392 (65.9%)  cache hits 199/4750
2026-05-12 01:34:21,003    4800/5695 new  (5200 total)  matched 3417 (65.7%)  cache hits 200/4800
2026-05-12 01:38:29,593    4850/5695 new  (5250 total)  matched 3453 (65.8%)  cache hits 203/4850
2026-05-12 01:42:47,217    4900/5695 new  (5300 total)  matched 3479 (65.6%)  cache hits 204/4900
2026-05-12 01:47:10,355    4950/5695 new  (5350 total)  matched 3513 (65.7%)  cache hits 204/4950
2026-05-12 01:51:23,829    5000/5695 new  (5400 total)  matched 3540 (65.6%)  cache hits 206/5000
2026-05-12 01:55:37,276    5050/5695 new  (5450 total)  matched 3571 (65.5%)  cache hits 208/5050
2026-05-12 01:59:56,488    5100/5695 new  (5500 total)  matched 3605 (65.5%)  cache hits 209/5100
2026-05-12 02:04:20,589    5150/5695 new  (5550 total)  matched 3638 (65.5%)  cache hits 209/5150
2026-05-12 02:08:38,927    5200/5695 new  (5600 total)  matched 3670 (65.5%)  cache hits 210/5200
2026-05-12 02:13:01,713    5250/5695 new  (5650 total)  matched 3697 (65.4%)  cache hits 210/5250
2026-05-12 02:17:14,895    5300/5695 new  (5700 total)  matched 3728 (65.4%)  cache hits 212/5300
2026-05-12 02:21:32,652    5350/5695 new  (5750 total)  matched 3758 (65.4%)  cache hits 213/5350
2026-05-12 02:25:55,362    5400/5695 new  (5800 total)  matched 3790 (65.3%)  cache hits 213/5400
2026-05-12 02:30:09,468    5450/5695 new  (5850 total)  matched 3817 (65.2%)  cache hits 215/5450
2026-05-12 02:34:32,406    5500/5695 new  (5900 total)  matched 3845 (65.2%)  cache hits 215/5500
2026-05-12 02:38:40,608    5550/5695 new  (5950 total)  matched 3869 (65.0%)  cache hits 218/5550
2026-05-12 02:42:53,972    5600/5695 new  (6000 total)  matched 3905 (65.1%)  cache hits 220/5600
2026-05-12 02:47:12,698    5650/5695 new  (6050 total)  matched 3940 (65.1%)  cache hits 221/5650
2026-05-12 02:51:05,046    5695/5695 new  (6095 total)  matched 3964 (65.0%)  cache hits 222/5695
2026-05-12 02:51:05,061  Search checkpoint saved (6095 entries)
2026-05-12 02:51:05,064  
Search phase done. 3964/6095 matched (65.0%)
2026-05-12 02:51:05,064  Fetching Wikidata properties for 3955 QIDs (batches of 50) …
2026-05-12 02:51:17,379    SPARQL 250/3955
2026-05-12 02:51:26,639    SPARQL 500/3955
2026-05-12 02:51:35,979    SPARQL 750/3955
2026-05-12 02:51:45,037    SPARQL 1000/3955
2026-05-12 02:51:52,912    SPARQL 1250/3955
2026-05-12 02:52:01,458    SPARQL 1500/3955
2026-05-12 02:52:09,728    SPARQL 1750/3955
2026-05-12 02:52:18,893    SPARQL 2000/3955
2026-05-12 02:52:27,884    SPARQL 2250/3955
2026-05-12 02:52:36,313    SPARQL 2500/3955
2026-05-12 02:52:44,276    SPARQL 2750/3955
2026-05-12 02:52:53,491    SPARQL 3000/3955
2026-05-12 02:53:02,900    SPARQL 3250/3955
2026-05-12 02:53:11,215    SPARQL 3500/3955
2026-05-12 02:53:19,583    SPARQL 3750/3955
2026-05-12 02:53:27,898    SPARQL 3955/3955
2026-05-12 02:53:27,898  SPARQL returned data for 3955 QIDs
2026-05-12 02:53:27,900  Fetching Wikipedia article lengths for 2939 articles …
2026-05-12 02:54:10,875  Wikipedia lengths retrieved for 2939 articles
2026-05-12 02:54:11,013  Saved → /Users/rpeake/Desktop/project-support/poet-tips/data/enriched/poets_wikidata.parquet
2026-05-12 02:54:11,013  Unmatched log → /Users/rpeake/Desktop/project-support/poet-tips/data/enriched/unmatched.csv

════════════════════════════════════════════════════════════
PHASE 2 SUMMARY
════════════════════════════════════════════════════════════
  Poets queried          :   6095
  Matched                :   3964  (65.0%)
    of which ambiguous   :    674
  No Wikidata results    :   1945  (31.9%)
  Low-confidence         :    186  (3.1%)

  Coverage among ALL poets queried:
    Birth year           :   3100  (50.9%)
    Literary movements   :    194  (3.2%)
    Wikipedia article    :   2947  (48.4%)
    Languages written    :    652  (10.7%)

  Coverage among MATCHED poets only:
    Birth year           :   3100  (78.2%)
    Literary movements   :    194  (4.9%)
    Wikipedia article    :   2947  (74.3%)

  Top 10 movements (across all matched poets):
      28  Beat Generation
      21  Harlem Renaissance
      17  Romanticism
      10  surrealism
       8  Symbolism
       7  modernism
       6  Scottish Renaissance
       5  modernist literature
       5  Postmodernism
       5  Fluxus

  Sample matched poets:
    André 3000                      1975    wp=73336.0  
    Big Boi                         1975    wp=33941.0  
    Frank Ocean                     1987    wp=114458.0  
    Chris Abani                     1966    wp=23070.0  
    Kobena Eyi Acquah               1952    wp= 3388.0  
    Patience Agbabi                 1965    wp=18298.0  
    Kofi Awoonor                    1935    wp=20980.0  
    David Campos                    1960    wp=    nan  
    Kwame Dawes                     1962    wp=26802.0  
    Ladan Osman                     1950    wp= 7741.0  
════════════════════════════════════════════════════════════
